2024-01-24 09:17:58.167230
Tool query: SELECT TypeName, DefToolID, DefReplacementQty, DefProducedQty, DefRelease, AdrIDLine, AdrIDMachine FROM vToolDefinitionFullView WHERE TypeName = 'A-LE00-HA-UPR-ALLL1' AND DefToolID = '0001 ' response None from SQL2024-01-24 09:36:34.647461
list indices must be integers or slices, not str2024-01-24 09:37:14.967066
list indices must be integers or slices, not str2024-01-24 09:41:51.812571
list indices must be integers or slices, not str2024-01-24 09:42:25.253343
list indices must be integers or slices, not str2024-01-24 09:42:39.232329
list indices must be integers or slices, not str2024-01-24 09:42:48.176299
list indices must be integers or slices, not str2024-01-24 10:39:51.844085
'R_Operator_ASCII'2024-01-24 10:40:16.457630
'R_Operator_ASCII'2024-01-24 10:40:47.184172
'R_Operator_ASCII'2024-01-24 10:41:02.929028
'R_Operator_ASCII'2024-01-24 10:41:29.555261
'R_Operator_ASCII'2024-01-24 10:41:50.420469
'R_Operator_ASCII'2024-01-24 10:41:57.577442
'R_Operator_ASCII'2024-01-24 10:42:14.177307
'R_Operator_ASCII'2024-01-24 10:42:48.728226
'R_Operator_ASCII'2024-01-24 10:43:39.999897
'R_Operator_ASCII'2024-01-24 10:43:54.122191
'R_Operator_ASCII'2024-01-24 10:44:34.275865
'R_Operator_ASCII'2024-01-24 10:44:57.552640
'R_Operator_ASCII'2024-01-24 10:45:26.055854
'R_Operator_ASCII'2024-01-24 10:45:43.567157
'R_Operator_ASCII'
2024-01-24 10:46:36.047979
'R_Operator_ASCII'
2024-01-24 10:50:54.752535
'R_Operator_ASCII'
2024-01-24 10:52:18.183206
generate_reset_plc_signals() missing 1 required positional argument: 'task'
2024-01-24 10:53:35.395563
unsupported operand type(s) for +: 'dict' and 'dict'
2024-01-24 11:28:43.586426
local variable 'response' referenced before assignment
2024-01-24 12:28:58.954050
'Tool' object has no attribute 'separate_words_response'
2024-01-24 12:32:59.162704
'Tool' object has no attribute 'separate_words_response'
2024-01-24 12:33:14.905835
unhashable type: 'list'